{
  "homeButtons": [
    "أسئلتي",
    "ابدأ اللعبة",
    "تراجُع"
  ],
  "afterOpen": {
    "stageHidden": true,
    "editorShellPresent": true,
    "editorTitle": "أسئلتي",
    "backButtonText": "→ الرئيسية",
    "addQuestionButtonPresent": true
  },
  "afterBack": {
    "stageHidden": false,
    "editorShellPresent": false,
    "homeButtonsPresent": [
      "ابدأ اللعبة",
      "أسئلتي",
      "تراجُع"
    ],
    "questionCountShown": "أسئلتك: 1"
  },
  "gateState": {
    "confirmDisabled": true,
    "bandLine": "أسئلتك 1 — لا تكفي بعد لأي مسار. أضف المزيد من «أسئلتي»."
  },
  "pageErrors": []
}
