{
  "scenario1_resumeAndContinue": {
    "rawSessionExistedBeforeReload": true,
    "preReload": {
      "scores": [
        "0",
        "0"
      ],
      "questionText": "سؤال الاستئناف رقم 4",
      "turnHeader": "فريق الفريق البرتقالي يوجّه السؤال ← فريق الفريق الأزرق يجاوب"
    },
    "resumeScreen": {
      "heading": "توجد جلسة سابقة لم تكتمل",
      "hasStatusStrip": true,
      "scores": [
        "0",
        "0"
      ],
      "buttons": [
        "تكملة الجلسة",
        "جلسة جديدة"
      ]
    },
    "postResume": {
      "scores": [
        "0",
        "0"
      ],
      "questionText": "سؤال الاستئناف رقم 4",
      "turnHeader": "فريق الفريق البرتقالي يوجّه السؤال ← فريق الفريق الأزرق يجاوب"
    },
    "questionTextMatches": true,
    "scoresMatch": true,
    "turnHeaderMatches": true,
    "pageErrors": []
  },
  "scenario1b_declineAndStartFresh": {
    "sawResumePrompt": true,
    "afterDecline": {
      "onHome": [
        "ابدأ اللعبة",
        "أسئلتي",
        "تراجُع"
      ],
      "sessionCleared": true
    }
  },
  "scenario2_deckMismatch": {
    "mismatchScreen": {
      "heading": "تغيّرت أسئلتك منذ آخر مرة",
      "explanation": "الجلسة القديمة لا يمكن إكمالها بأسئلة مختلفة — ابدأ جلسة جديدة بأسئلتك الحالية.",
      "buttons": [
        "جلسة جديدة"
      ],
      "bodyTextIncludesRawHash": false
    },
    "afterClick": {
      "onHome": [
        "ابدأ اللعبة",
        "أسئلتي",
        "تراجُع"
      ],
      "sessionCleared": true
    }
  },
  "scenario3_structurallyCorruptPayload": {
    "onHome": [
      "أسئلتي",
      "ابدأ اللعبة",
      "تراجُع"
    ],
    "resumePromptShown": false,
    "sessionCleared": true
  },
  "scenario3b_syntacticallyInvalidJson": {
    "onHome": [
      "أسئلتي",
      "ابدأ اللعبة",
      "تراجُع"
    ],
    "resumePromptShown": false,
    "rawStillPresentButHarmless": true
  }
}
